projects/amazon-trend-analyzer/qb_chunks/page_096_skip096000.csv
ASIN Buyability Flag,asin_status,CVR%,revenue,asp,units,gv,Images #,Videos #,Has A+ Content,Buybox Winner,Average Rating,Number of Ratings,bb_price,Ad CTR%,Ad CVR%,bsr,brand,Ad CPC$,ASIN (Description),Update Type,Sold By Amazon,Has Coupon?,Has Store Link?,In Stock Today?,category,Sellable On Hand Units,asin,date,Ad Cost,Ad Sales,Ad Clicks,Ad Impressions,Ad Conversions
In Stock,ACTIVE,,,,,,7.0,0.0,True,,4.4,7727.0,4.81,0.01201201201201201,0.75,3.0,Wags & Wiggles,4.175,B0812JQKF1 (Wags & Wiggles Nourish Moisturizing Wipes 100ct),[],True,True,False,True,Grooming,,B0812JQKF1,2026-05-15,16.7,15.47,4.0,333.0,3.0
In Stock,ACTIVE,,1592.0,4.81,331.0,,7.0,0.0,True,,4.4,7727.0,4.81,0.00544464609800363,0.3333333333333333,3.0,Wags & Wiggles,5.386666666666667,B0812JQKF1 (Wags & Wiggles Nourish Moisturizing Wipes 100ct),[],True,True,False,True,Grooming,,B0812JQKF1,2026-05-14,16.16,4.81,3.0,551.0,1.0
In Stock,ACTIVE,,1372.0,4.8,286.0,,7.0,0.0,True,,4.4,7728.0,4.81,0.02083333333333333,0.5,3.0,Wags & Wiggles,3.005,B0812JQKF1 (Wags & Wiggles Nourish Moisturizing Wipes 100ct),[],True,True,False,True,Grooming,,B0812JQKF1,2026-05-13,6.01,9.62,2.0,96.0,1.0
In Stock,ACTIVE,,1359.0,4.78,284.0,,7.0,0.0,True,,4.4,7728.0,4.81,0.007042253521126761,0.3333333333333333,3.0,Wags & Wiggles,2.81,B0812JQKF1 (Wags & Wiggles Nourish Moisturizing Wipes 100ct),[],True,True,False,True,Grooming,,B0812JQKF1,2026-05-12,8.43,4.81,3.0,426.0,1.0
In Stock,ACTIVE,0.612,1447.0,4.81,301.0,492.0,7.0,0.0,True,,4.4,7727.0,4.81,0.03571428571428571,0.25,3.0,Wags & Wiggles,3.145,B0812JQKF1 (Wags & Wiggles Nourish Moisturizing Wipes 100ct),[],True,True,False,True,Grooming,13218.0,B0812JQKF1,2026-05-11,12.58,4.81,4.0,112.0,1.0
In Stock,ACTIVE,0.606,1530.0,4.81,318.0,525.0,7.0,0.0,True,,4.4,7723.0,4.81,0.01953125,0.6,3.0,Wags & Wiggles,4.176,B0812JQKF1 (Wags & Wiggles Nourish Moisturizing Wipes 100ct),[],True,True,False,True,Grooming,12662.0,B0812JQKF1,2026-05-10,20.88,14.43,5.0,256.0,3.0
In Stock,ACTIVE,0.578,1528.0,4.81,318.0,550.0,7.0,0.0,True,,4.4,7722.0,4.81,0.01374045801526718,0.1111111111111111,3.0,Wags & Wiggles,4.176666666666667,B0812JQKF1 (Wags & Wiggles Nourish Moisturizing Wipes 100ct),[],True,True,False,True,Grooming,11784.0,B0812JQKF1,2026-05-09,37.59,5.82,9.0,655.0,1.0
In Stock,ACTIVE,0.645,1486.0,4.81,309.0,479.0,7.0,0.0,True,,4.4,7720.0,4.81,0.01449275362318841,0.0,3.0,Wags & Wiggles,4.39,B0812JQKF1 (Wags & Wiggles Nourish Moisturizing Wipes 100ct),[],True,True,False,True,Grooming,12383.0,B0812JQKF1,2026-05-08,13.17,0.0,3.0,207.0,0.0
In Stock,ACTIVE,0.611,1390.0,4.81,289.0,473.0,7.0,0.0,True,,4.4,7719.0,4.81,0.03076923076923077,0.0,3.0,Wags & Wiggles,4.495,B0812JQKF1 (Wags & Wiggles Nourish Moisturizing Wipes 100ct),[],True,True,False,True,Grooming,11612.0,B0812JQKF1,2026-05-07,8.99,0.0,2.0,65.0,0.0
In Stock,ACTIVE,0.628,1534.0,4.81,319.0,508.0,7.0,0.0,True,,4.4,7715.0,4.81,0.0202020202020202,0.125,3.0,Wags & Wiggles,2.99375,B0812JQKF1 (Wags & Wiggles Nourish Moisturizing Wipes 100ct),[],True,True,False,True,Grooming,10980.0,B0812JQKF1,2026-05-06,23.95,4.81,8.0,396.0,1.0
In Stock,ACTIVE,0.616,1342.0,4.81,279.0,453.0,7.0,0.0,True,,4.4,7715.0,4.81,0.008695652173913044,0.6,3.0,Wags & Wiggles,3.488,B0812JQKF1 (Wags & Wiggles Nourish Moisturizing Wipes 100ct),[],True,True,False,True,Grooming,8189.0,B0812JQKF1,2026-05-05,17.44,16.61,5.0,575.0,3.0
In Stock,ACTIVE,0.493,1130.0,4.79,236.0,479.0,7.0,0.0,True,,4.4,7710.0,4.81,0.03759398496240601,0.2,3.0,Wags & Wiggles,2.772,B0812JQKF1 (Wags & Wiggles Nourish Moisturizing Wipes 100ct),[],True,True,False,True,Grooming,9112.0,B0812JQKF1,2026-05-04,13.86,4.81,5.0,133.0,1.0
In Stock,ACTIVE,0.6509999999999999,1574.0,4.8,328.0,504.0,7.0,0.0,True,,4.4,7706.0,4.81,,,3.0,Wags & Wiggles,,B0812JQKF1 (Wags & Wiggles Nourish Moisturizing Wipes 100ct),[],True,True,False,True,Grooming,10737.0,B0812JQKF1,2026-05-03,,,,,
In Stock,ACTIVE,0.64,1347.0,4.74,284.0,444.0,7.0,0.0,True,,4.4,7694.0,4.81,,,3.0,Wags & Wiggles,,B0812JQKF1 (Wags & Wiggles Nourish Moisturizing Wipes 100ct),[],True,True,False,True,Grooming,7548.0,B0812JQKF1,2026-05-02,0.0,0.0,0.0,0.0,0.0
In Stock,ACTIVE,0.769,1508.0,4.76,317.0,412.0,7.0,0.0,True,,4.4,7686.0,4.81,,,3.0,Wags & Wiggles,,B0812JQKF1 (Wags & Wiggles Nourish Moisturizing Wipes 100ct),[],True,True,False,True,Grooming,5328.0,B0812JQKF1,2026-05-01,0.0,0.0,0.0,0.0,0.0
In Stock,ACTIVE,0.624,1272.0,4.8,265.0,425.0,7.0,0.0,True,,4.4,7682.0,4.81,,,3.0,Wags & Wiggles,,B0812JQKF1 (Wags & Wiggles Nourish Moisturizing Wipes 100ct),[],True,True,False,True,Grooming,5362.0,B0812JQKF1,2026-04-30,0.0,0.0,0.0,0.0,0.0
In Stock,ACTIVE,0.541,1450.0,4.8,302.0,558.0,7.0,0.0,True,,4.4,7674.0,4.81,,,3.0,Wags & Wiggles,,B0812JQKF1 (Wags & Wiggles Nourish Moisturizing Wipes 100ct),[],True,True,False,True,Grooming,5752.0,B0812JQKF1,2026-04-29,0.0,0.0,0.0,0.0,0.0
In Stock,ACTIVE,0.6940000000000001,1591.0,4.81,331.0,477.0,7.0,0.0,True,,4.4,7663.0,4.81,,,3.0,Wags & Wiggles,,B0812JQKF1 (Wags & Wiggles Nourish Moisturizing Wipes 100ct),[],True,True,False,True,Grooming,6006.0,B0812JQKF1,2026-04-28,0.0,0.0,0.0,0.0,0.0
In Stock,ACTIVE,0.672,1537.0,4.8,320.0,476.0,7.0,0.0,True,,4.4,7654.0,4.81,,,3.0,Wags & Wiggles,,B0812JQKF1 (Wags & Wiggles Nourish Moisturizing Wipes 100ct),[],True,True,False,True,Grooming,5945.0,B0812JQKF1,2026-04-27,0.0,0.0,0.0,0.0,0.0
In Stock,ACTIVE,0.596,1631.0,4.8,340.0,570.0,7.0,0.0,True,,4.4,7644.0,4.81,,,3.0,Wags & Wiggles,,B0812JQKF1 (Wags & Wiggles Nourish Moisturizing Wipes 100ct),[],True,True,False,True,Grooming,7187.0,B0812JQKF1,2026-04-26,0.0,0.0,0.0,0.0,0.0
In Stock,ACTIVE,0.613,1584.0,4.8,330.0,538.0,7.0,0.0,True,,4.4,7639.0,4.81,0.0,,3.0,Wags & Wiggles,,B0812JQKF1 (Wags & Wiggles Nourish Moisturizing Wipes 100ct),[],True,True,False,True,Grooming,6191.0,B0812JQKF1,2026-04-25,0.0,0.0,0.0,4.0,0.0
In Stock,ACTIVE,0.591,1310.0,4.8,273.0,462.0,7.0,0.0,True,,4.4,7638.0,4.81,0.0,,3.0,Wags & Wiggles,,B0812JQKF1 (Wags & Wiggles Nourish Moisturizing Wipes 100ct),[],True,True,False,True,Grooming,6156.0,B0812JQKF1,2026-04-24,0.0,0.0,0.0,5.0,0.0
In Stock,ACTIVE,0.58,1445.0,4.8,301.0,519.0,7.0,0.0,True,,4.4,7635.0,4.81,,,3.0,Wags & Wiggles,,B0812JQKF1 (Wags & Wiggles Nourish Moisturizing Wipes 100ct),[],True,True,False,True,Grooming,5816.0,B0812JQKF1,2026-04-23,0.0,0.0,0.0,0.0,0.0
In Stock,ACTIVE,0.664,1538.0,4.81,320.0,482.0,7.0,0.0,True,,4.4,7591.0,4.81,0.0,,3.0,Wags & Wiggles,,B0812JQKF1 (Wags & Wiggles Nourish Moisturizing Wipes 100ct),[],True,True,False,True,Grooming,6102.0,B0812JQKF1,2026-04-22,0.0,0.0,0.0,1.0,0.0
In Stock,ACTIVE,0.785,1417.0,4.8,295.0,376.0,7.0,0.0,True,,4.4,7589.0,4.81,0.0,,3.0,Wags & Wiggles,,B0812JQKF1 (Wags & Wiggles Nourish Moisturizing Wipes 100ct),[],True,True,False,True,Grooming,6759.0,B0812JQKF1,2026-04-21,0.0,0.0,0.0,1.0,0.0
In Stock,ACTIVE,0.638,1337.0,4.81,278.0,436.0,7.0,0.0,False,,4.4,7589.0,4.81,,,3.0,Wags & Wiggles,,B0812JQKF1 (Wags & Wiggles Nourish Moisturizing Wipes 100ct),[],True,True,False,True,Grooming,5819.0,B0812JQKF1,2026-04-20,0.0,0.0,0.0,0.0,0.0
In Stock,ACTIVE,0.631,1402.0,4.8,292.0,463.0,7.0,0.0,False,,4.4,7588.0,4.81,,,3.0,Wags & Wiggles,,B0812JQKF1 (Wags & Wiggles Nourish Moisturizing Wipes 100ct),[],True,True,False,True,Grooming,6967.0,B0812JQKF1,2026-04-19,0.0,0.0,0.0,0.0,0.0
In Stock,ACTIVE,0.5660000000000001,1176.0,4.78,246.0,435.0,7.0,0.0,False,,4.4,7589.0,4.81,,,3.0,Wags & Wiggles,,B0812JQKF1 (Wags & Wiggles Nourish Moisturizing Wipes 100ct),[],True,True,False,True,Grooming,5311.0,B0812JQKF1,2026-04-18,0.0,0.0,0.0,0.0,0.0
In Stock,ACTIVE,0.6629999999999999,1214.0,4.82,252.0,380.0,7.0,0.0,False,,4.4,7588.0,4.81,,,3.0,Wags & Wiggles,,B0812JQKF1 (Wags & Wiggles Nourish Moisturizing Wipes 100ct),[],True,True,False,True,Grooming,4162.0,B0812JQKF1,2026-04-17,0.0,0.0,0.0,0.0,0.0
In Stock,ACTIVE,0.67,1424.0,4.81,296.0,442.0,7.0,0.0,False,,4.4,7588.0,4.81,,,3.0,Wags & Wiggles,,B0812JQKF1 (Wags & Wiggles Nourish Moisturizing Wipes 100ct),[],True,True,False,True,Grooming,4497.0,B0812JQKF1,2026-04-16,0.0,0.0,0.0,0.0,0.0
In Stock,ACTIVE,0.71,1403.0,4.77,294.0,414.0,7.0,0.0,False,,4.4,7587.0,4.81,,,3.0,Wags & Wiggles,,B0812JQKF1 (Wags & Wiggles Nourish Moisturizing Wipes 100ct),[],True,True,False,True,Grooming,3857.0,B0812JQKF1,2026-04-15,0.0,0.0,0.0,0.0,0.0
In Stock,ACTIVE,0.6609999999999999,1343.0,4.78,281.0,425.0,7.0,0.0,False,,4.4,7587.0,4.81,,,3.0,Wags & Wiggles,,B0812JQKF1 (Wags & Wiggles Nourish Moisturizing Wipes 100ct),[],True,True,False,True,Grooming,4227.0,B0812JQKF1,2026-04-14,0.0,0.0,0.0,0.0,0.0
In Stock,ACTIVE,0.603,1308.0,4.81,272.0,451.0,7.0,0.0,False,,4.4,7583.0,4.81,0.0,,3.0,Wags & Wiggles,,B0812JQKF1 (Wags & Wiggles Nourish Moisturizing Wipes 100ct),[],True,True,False,True,Grooming,4651.0,B0812JQKF1,2026-04-13,0.0,0.0,0.0,1.0,0.0
In Stock,ACTIVE,0.583,1581.0,4.81,329.0,564.0,7.0,0.0,False,,4.4,7582.0,4.81,0.0108695652173913,0.0,3.0,Wags & Wiggles,2.585,B0812JQKF1 (Wags & Wiggles Nourish Moisturizing Wipes 100ct),[],True,True,False,True,Grooming,3823.0,B0812JQKF1,2026-04-12,5.17,0.0,2.0,184.0,0.0
In Stock,ACTIVE,0.5920000000000001,1344.0,4.8,280.0,473.0,7.0,0.0,False,,4.4,7577.0,4.81,0.002331002331002331,0.0,3.0,Wags & Wiggles,7.7,B0812JQKF1 (Wags & Wiggles Nourish Moisturizing Wipes 100ct),[],True,True,False,True,Grooming,0.0,B0812JQKF1,2026-04-11,7.7,0.0,1.0,429.0,0.0
In Stock,ACTIVE,0.677,1423.0,4.79,297.0,439.0,7.0,0.0,False,,4.4,7573.0,4.81,0.009523809523809525,0.0,3.0,Wags & Wiggles,3.8,B0812JQKF1 (Wags & Wiggles Nourish Moisturizing Wipes 100ct),[],True,True,False,True,Grooming,4035.0,B0812JQKF1,2026-04-10,11.4,0.0,3.0,315.0,0.0
In Stock,ACTIVE,0.593,1485.0,4.81,309.0,521.0,7.0,0.0,False,,4.4,7571.0,4.81,0.02884615384615385,0.6666666666666666,3.0,Wags & Wiggles,3.376666666666667,B0812JQKF1 (Wags & Wiggles Nourish Moisturizing Wipes 100ct),[],True,True,False,True,Grooming,3616.0,B0812JQKF1,2026-04-09,10.13,15.47,3.0,104.0,2.0
In Stock,ACTIVE,0.596,1491.0,4.76,313.0,525.0,7.0,0.0,False,,4.4,7567.0,4.81,0.00554016620498615,0.0,3.0,Wags & Wiggles,2.66,B0812JQKF1 (Wags & Wiggles Nourish Moisturizing Wipes 100ct),[],True,True,False,True,Grooming,3889.0,B0812JQKF1,2026-04-08,5.32,0.0,2.0,361.0,0.0
In Stock,ACTIVE,0.638,1586.0,4.81,330.0,517.0,7.0,0.0,False,,4.4,7565.0,4.81,0.00528169014084507,0.3333333333333333,3.0,Wags & Wiggles,5.956666666666667,B0812JQKF1 (Wags & Wiggles Nourish Moisturizing Wipes 100ct),[],True,True,False,True,Grooming,2585.0,B0812JQKF1,2026-04-07,17.87,4.81,3.0,568.0,1.0
In Stock,ACTIVE,0.5379999999999999,1300.0,4.8,271.0,504.0,7.0,0.0,False,,4.4,7564.0,4.81,0.008547008547008548,0.5,3.0,Wags & Wiggles,3.21,B0812JQKF1 (Wags & Wiggles Nourish Moisturizing Wipes 100ct),[],True,True,False,True,Grooming,2623.0,B0812JQKF1,2026-04-06,12.84,11.8,4.0,468.0,2.0
In Stock,ACTIVE,0.679,1705.0,4.8,355.0,523.0,7.0,0.0,False,,4.4,7558.0,4.81,0.006711409395973154,0.0,3.0,Wags & Wiggles,5.25,B0812JQKF1 (Wags & Wiggles Nourish Moisturizing Wipes 100ct),[],True,True,False,True,Grooming,2727.0,B0812JQKF1,2026-04-05,5.25,0.0,1.0,149.0,0.0
In Stock,ACTIVE,0.5529999999999999,1248.0,4.8,260.0,470.0,7.0,0.0,False,,4.4,7555.0,4.81,0.03947368421052631,0.3333333333333333,3.0,Wags & Wiggles,2.293333333333333,B0812JQKF1 (Wags & Wiggles Nourish Moisturizing Wipes 100ct),[],True,True,False,True,Grooming,2991.0,B0812JQKF1,2026-04-04,6.88,4.81,3.0,76.0,1.0
In Stock,ACTIVE,0.688,1572.0,4.81,327.0,475.0,7.0,0.0,False,,4.4,7551.0,4.81,0.01967213114754099,0.1666666666666667,3.0,Wags & Wiggles,3.078333333333333,B0812JQKF1 (Wags & Wiggles Nourish Moisturizing Wipes 100ct),[],True,True,False,True,Grooming,3756.0,B0812JQKF1,2026-04-03,18.47,4.81,6.0,305.0,1.0
In Stock,ACTIVE,0.575,1298.0,4.79,271.0,471.0,7.0,0.0,False,,4.4,7548.0,4.81,0.009615384615384616,0.0,3.0,Wags & Wiggles,3.6,B0812JQKF1 (Wags & Wiggles Nourish Moisturizing Wipes 100ct),[],True,True,False,True,Grooming,2960.0,B0812JQKF1,2026-04-02,7.2,0.0,2.0,208.0,0.0
In Stock,ACTIVE,0.5770000000000001,1362.0,4.8,284.0,492.0,7.0,0.0,False,,4.4,7547.0,4.81,0.01327433628318584,0.3333333333333333,3.0,Wags & Wiggles,5.246666666666667,B0812JQKF1 (Wags & Wiggles Nourish Moisturizing Wipes 100ct),[],True,True,False,True,Grooming,3220.0,B0812JQKF1,2026-04-01,15.74,5.93,3.0,226.0,1.0
In Stock,ACTIVE,0.688,1335.0,4.8,278.0,404.0,7.0,0.0,False,,4.4,7544.0,4.81,0.02142857142857143,0.3333333333333333,3.0,Wags & Wiggles,4.966666666666667,B0812JQKF1 (Wags & Wiggles Nourish Moisturizing Wipes 100ct),[],True,True,False,True,Grooming,3841.0,B0812JQKF1,2026-03-31,14.9,4.81,3.0,140.0,1.0
In Stock,ACTIVE,0.696,1509.0,4.81,314.0,451.0,7.0,0.0,False,,4.4,7541.0,4.81,0.03061224489795918,0.0,3.0,Wags & Wiggles,4.51,B0812JQKF1 (Wags & Wiggles Nourish Moisturizing Wipes 100ct),[],True,True,False,True,Grooming,4092.0,B0812JQKF1,2026-03-30,13.53,0.0,3.0,98.0,0.0
In Stock,ACTIVE,0.685,1754.0,4.79,366.0,534.0,7.0,0.0,False,,4.4,7541.0,4.81,0.01044386422976501,0.0,3.0,Wags & Wiggles,4.1125,B0812JQKF1 (Wags & Wiggles Nourish Moisturizing Wipes 100ct),[],True,True,False,True,Grooming,3493.0,B0812JQKF1,2026-03-29,16.45,0.0,4.0,383.0,0.0
In Stock,ACTIVE,0.509,1130.0,4.83,234.0,460.0,7.0,0.0,False,,4.4,7534.0,4.81,0.06382978723404255,0.3333333333333333,3.0,Wags & Wiggles,3.73,B0812JQKF1 (Wags & Wiggles Nourish Moisturizing Wipes 100ct),[],True,True,False,True,Grooming,3800.0,B0812JQKF1,2026-03-28,11.19,4.81,3.0,47.0,1.0
In Stock,ACTIVE,0.769,1441.0,4.8,300.0,390.0,7.0,0.0,False,,4.4,7529.0,4.81,0.0121580547112462,0.5,3.0,Wags & Wiggles,2.4975,B0812JQKF1 (Wags & Wiggles Nourish Moisturizing Wipes 100ct),[],True,True,False,True,Grooming,3979.0,B0812JQKF1,2026-03-27,9.99,25.14,4.0,329.0,2.0
In Stock,ACTIVE,0.7040000000000001,1528.0,4.81,318.0,452.0,7.0,0.0,False,,4.4,7523.0,4.81,0.007462686567164179,1.0,3.0,Wags & Wiggles,4.8,B0812JQKF1 (Wags & Wiggles Nourish Moisturizing Wipes 100ct),[],True,True,False,True,Grooming,4284.0,B0812JQKF1,2026-03-26,9.6,9.62,2.0,268.0,2.0
In Stock,ACTIVE,0.612,1371.0,4.79,286.0,467.0,7.0,0.0,False,,4.4,7516.0,4.81,0.0303030303030303,0.0,3.0,Wags & Wiggles,1.64,B0812JQKF1 (Wags & Wiggles Nourish Moisturizing Wipes 100ct),[],True,True,False,True,Grooming,4528.0,B0812JQKF1,2026-03-25,3.28,0.0,2.0,66.0,0.0
In Stock,ACTIVE,0.5479999999999999,1258.0,4.78,263.0,480.0,7.0,0.0,False,,4.4,7506.0,4.14,0.007017543859649123,0.0,3.0,Wags & Wiggles,2.255,B0812JQKF1 (Wags & Wiggles Nourish Moisturizing Wipes 100ct),[],True,False,False,True,Grooming,4730.0,B0812JQKF1,2026-03-24,4.51,0.0,2.0,285.0,0.0
In Stock,ACTIVE,0.706,1455.0,4.8,303.0,429.0,7.0,0.0,False,,4.4,7502.0,4.81,0.007352941176470588,0.75,3.0,Wags & Wiggles,3.285,B0812JQKF1 (Wags & Wiggles Nourish Moisturizing Wipes 100ct),[],True,True,False,True,Grooming,5007.0,B0812JQKF1,2026-03-23,13.14,15.39,4.0,544.0,3.0
In Stock,ACTIVE,0.636,1668.0,4.79,348.0,547.0,7.0,0.0,False,,4.4,7495.0,4.81,0.02083333333333333,0.1666666666666667,3.0,Wags & Wiggles,3.716666666666667,B0812JQKF1 (Wags & Wiggles Nourish Moisturizing Wipes 100ct),[],True,True,False,True,Grooming,5321.0,B0812JQKF1,2026-03-22,22.3,4.81,6.0,288.0,1.0
In Stock,ACTIVE,0.599,1432.0,4.77,300.0,501.0,7.0,0.0,False,,4.4,7486.0,4.81,0.0155440414507772,0.3333333333333333,3.0,Wags & Wiggles,4.673333333333333,B0812JQKF1 (Wags & Wiggles Nourish Moisturizing Wipes 100ct),[],True,True,False,True,Grooming,5728.0,B0812JQKF1,2026-03-21,14.02,4.81,3.0,193.0,1.0
In Stock,ACTIVE,0.6970000000000001,1532.0,4.8,319.0,458.0,7.0,0.0,False,,4.4,7472.0,4.81,0.007326007326007326,0.5,3.0,Wags & Wiggles,3.94,B0812JQKF1 (Wags & Wiggles Nourish Moisturizing Wipes 100ct),[],True,True,False,True,Grooming,6003.0,B0812JQKF1,2026-03-20,7.88,4.81,2.0,273.0,1.0
In Stock,ACTIVE,0.589,1418.0,4.81,295.0,501.0,7.0,0.0,False,,4.4,7465.0,4.81,0.02439024390243903,0.0,3.0,Wags & Wiggles,5.77,B0812JQKF1 (Wags & Wiggles Nourish Moisturizing Wipes 100ct),[],True,True,False,True,Grooming,6055.0,B0812JQKF1,2026-03-19,5.77,0.0,1.0,41.0,0.0
In Stock,ACTIVE,0.595,1355.0,4.8,282.0,474.0,7.0,0.0,False,,4.4,7463.0,4.81,0.01119402985074627,0.6666666666666666,3.0,Wags & Wiggles,4.53,B0812JQKF1 (Wags & Wiggles Nourish Moisturizing Wipes 100ct),[],True,True,False,True,Grooming,6055.0,B0812JQKF1,2026-03-18,13.59,14.43,3.0,268.0,2.0
In Stock,ACTIVE,0.629,1351.0,4.81,281.0,447.0,7.0,0.0,False,,4.4,5976.0,4.81,0.002164502164502165,0.0,8.0,Wags & Wiggles,2.57,B0812JQKF1 (Wags & Wiggles Nourish Moisturizing Wipes 100ct),[],True,True,False,True,Grooming,6458.0,B0812JQKF1,2026-03-17,2.57,0.0,1.0,462.0,0.0
In Stock,ACTIVE,0.603,1386.0,4.81,288.0,478.0,7.0,0.0,False,,4.4,7444.0,4.81,0.01724137931034483,0.3333333333333333,3.0,Wags & Wiggles,6.066666666666666,B0812JQKF1 (Wags & Wiggles Nourish Moisturizing Wipes 100ct),[],True,True,False,True,Grooming,5880.0,B0812JQKF1,2026-03-16,18.2,4.81,3.0,174.0,1.0
In Stock,ACTIVE,0.5710000000000001,1603.0,4.8,334.0,585.0,7.0,0.0,False,,4.4,7444.0,4.81,0.0,,3.0,Wags & Wiggles,,B0812JQKF1 (Wags & Wiggles Nourish Moisturizing Wipes 100ct),[],True,True,False,True,Grooming,6125.0,B0812JQKF1,2026-03-15,0.0,0.0,0.0,4.0,0.0
In Stock,ACTIVE,0.59,1284.0,4.79,268.0,454.0,7.0,0.0,False,,4.4,7440.0,4.81,0.01476014760147601,0.25,3.0,Wags & Wiggles,2.9875,B0812JQKF1 (Wags & Wiggles Nourish Moisturizing Wipes 100ct),[],True,True,False,True,Grooming,6120.0,B0812JQKF1,2026-03-14,11.95,11.8,4.0,271.0,1.0
